error: unused "map closure" when calling `Option::map_or_else` value
  --> tests/ui/unnecessary_option_map_or_else.rs:13:5
   |
LL |     option.map_or_else(|| (), |x| x);
   |     ^^^^^^^^^^^^^^^^^^^^^^^^^^^^^^^^ help: consider using `unwrap_or_else`: `option.unwrap_or_else(|| ())`
   |
   = note: `-D clippy::unnecessary-option-map-or-else` implied by `-D warnings`
   = help: to override `-D warnings` add `#[allow(clippy::unnecessary_option_map_or_else)]`

error: unused "map closure" when calling `Option::map_or_else` value
  --> tests/ui/unnecessary_option_map_or_else.rs:17:5
   |
LL |     option.map_or_else(|| (), |x: ()| x);
   |     ^^^^^^^^^^^^^^^^^^^^^^^^^^^^^^^^^^^^ help: consider using `unwrap_or_else`: `option.unwrap_or_else(|| ())`

error: unused "map closure" when calling `Option::map_or_else` value
  --> tests/ui/unnecessary_option_map_or_else.rs:22:19
   |
LL |     let _: &str = option.map_or_else(|| &string, |x| x);
   |                   ^^^^^^^^^^^^^^^^^^^^^^^^^^^^^^^^^^^^^ help: consider using `unwrap_or_else`: `option.unwrap_or_else(|| &string)`

error: unused "map closure" when calling `Option::map_or_else` value
  --> tests/ui/unnecessary_option_map_or_else.rs:26:5
   |
LL | /     option.map_or_else(
LL | |
LL | |         || (),
LL | |         |x| {
...  |
LL | |         },
LL | |     );
   | |_____^ help: consider using `unwrap_or_else`: `option.unwrap_or_else(|| ())`

error: aborting due to 4 previous errors

